(\x => x)
((\x => x) (\x => x))
((\x => (\y => (x y))) (\x => x))
(((\x => (\y => (x y))) (\x => x)) (\z => z))
((\x => (x x)) (\x => (x x)))
((\x => x) ((\y => y) (\z => z)))
(\0 => 0)
((\0 => 0) (\0 => 0))
((\0 => (\1 => (0 1))) (\0 => 0))
(((\0 => (\1 => (0 1))) (\0 => 0)) (\0 => 0))
((\0 => (0 0)) (\0 => (0 0)))
((\0 => 0) ((\0 => 0) (\0 => 0)))
(\a => a)
((\a => a) (\a => a))
((\a => (\b => (a b))) (\a => a))
(((\a => (\b => (a b))) (\a => a)) (\a => a))
((\a => (a a)) (\a => (a a)))
((\a => a) ((\a => a) (\a => a)))
(\0 => 0)
(\0 => 0)
(\0 => ((\1 => 1) 0))
((\0 => ((\1 => 1) 0)) (\0 => 0))
((\0 => (0 0)) (\0 => (0 0)))
((\0 => 0) (\0 => 0))

