x
((\x => x) (\x => x))
(\x => x)
(\x => x)
((\x => (\y => (x y))) (\x => x))
(\y => ((\x => x) y))
(\y => ((\x => x) y))
(((\x => (\y => (x y))) (\x => x)) (\z => z))
((\y => ((\x => x) y)) (\z => z))
(\z => z)
((\x => (x x)) (\x => (x x)))
((\x => (x x)) (\x => (x x)))
((\x => x) ((\y => y) (\z => z)))
((\x => x) (\z => z))
(\z => z)
((\y => y) (\z => z))
(\z => z)

